// Jest Snapshot v1, https://goo.gl/fbAQLP

exports[`renders without crashing 1`] = `
<div
  className="container"
>
  <header
    className="header"
  >
    <img
      alt="logo"
      className="logo"
      src="logo.svg"
    />
    <p>
      Edit src/App.js and save to reload.
    </p>
    <a
      className="link"
      href="https://reactjs.org"
      rel="noopener noreferrer"
      target="_blank"
    >
      Learn React
    </a>
  </header>
</div>
`;
